2026-01-18 21:16:05,298 | INFO | === naver_keyword_pipeline 시작 ===
2026-01-18 21:16:17,098 | INFO | 실행시각(KST): 2026-01-18 21:16:17
2026-01-18 21:16:17,099 | INFO | seed 개수: 1
2026-01-18 21:16:24,301 | INFO | 자동완성: Chrome 세션 생성 완료(GUI 모드, 재사용 모드)
2026-01-18 21:16:24,301 | INFO | ================================================================================
2026-01-18 21:16:24,302 | INFO | [SEED] 오키나와렌트카
2026-01-18 21:16:24,302 | DEBUG | [AUTO] 자동완성 시작: keyword='오키나와렌트카'
2026-01-18 21:16:24,616 | DEBUG | [AUTO] 입력 시작: '오키나와렌트카'
2026-01-18 21:16:27,495 | DEBUG | [AUTO] 입력 완료, 자동완성 대기 중...
2026-01-18 21:16:27,495 | DEBUG | [AUTO] 자동완성 요소 대기 시작 (최대 5초)
2026-01-18 21:16:27,509 | DEBUG | [AUTO] 자동완성 요소 발견: delay=0.014초
2026-01-18 21:16:27,532 | DEBUG | [AUTO] 자동완성 수집 완료: keyword='오키나와렌트카', suggestions=1개, delay=0.014071900004637428
2026-01-18 21:16:27,532 | DEBUG | [AUTO] 추출된 키워드: ['오키나와렌트카']
2026-01-18 21:16:27,533 | DEBUG | [SEED][AUTO] seed='오키나와렌트카' suggestions=1 delay=0.014071900004637428
2026-01-18 21:16:29,385 | DEBUG | [SEED][RIGHT] seed='오키나와렌트카' related=10
2026-01-18 21:16:29,385 | DEBUG | [AUTO] 자동완성 시작: keyword='오키나와렌트카'
2026-01-18 21:16:29,537 | DEBUG | [AUTO] 입력 시작: '오키나와렌트카'
2026-01-18 21:16:32,220 | DEBUG | [AUTO] 입력 완료, 자동완성 대기 중...
2026-01-18 21:16:32,220 | DEBUG | [AUTO] 자동완성 요소 대기 시작 (최대 5초)
2026-01-18 21:16:32,229 | DEBUG | [AUTO] 자동완성 요소 발견: delay=0.009초
2026-01-18 21:16:32,245 | DEBUG | [AUTO] 자동완성 수집 완료: keyword='오키나와렌트카', suggestions=1개, delay=0.009285699998144992
2026-01-18 21:16:32,245 | DEBUG | [AUTO] 추출된 키워드: ['오키나와렌트카']
2026-01-18 21:16:36,673 | DEBUG | [AUTO] 자동완성 시작: keyword='오키나와 렌트카 비용'
2026-01-18 21:16:36,813 | DEBUG | [AUTO] 입력 시작: '오키나와 렌트카 비용'
2026-01-18 21:16:40,592 | DEBUG | [AUTO] 입력 완료, 자동완성 대기 중...
2026-01-18 21:16:40,592 | DEBUG | [AUTO] 자동완성 요소 대기 시작 (최대 5초)
2026-01-18 21:16:40,603 | DEBUG | [AUTO] 자동완성 요소 발견: delay=0.010초
2026-01-18 21:16:40,640 | DEBUG | [AUTO] 자동완성 수집 완료: keyword='오키나와 렌트카 비용', suggestions=5개, delay=0.010272500003338791
2026-01-18 21:16:40,641 | DEBUG | [AUTO] 추출된 키워드: ['오키나와 렌트카 비용', '오키나와 렌트카 비용 2박 3일', '오키나와 렌트카 비용 4박 5일', '오키나와 렌트카 비용 5박 6일', '오키나와 렌트카 비용 7인승']
2026-01-18 21:16:44,296 | DEBUG | [SEARCHAD] 실패 keyword='오키나와 렌트카 비용': HTTPError('400 Client Error: Bad Request for url: https://api.searchad.naver.com/keywordstool?hintKeywords=%EC%98%A4%ED%82%A4%EB%82%98%EC%99%80+%EB%A0%8C%ED%8A%B8%EC%B9%B4+%EB%B9%84%EC%9A%A9&showDetail=1')
2026-01-18 21:16:44,298 | DEBUG | [AUTO] 자동완성 시작: keyword='오키나와 렌트카 추천'
2026-01-18 21:16:44,619 | DEBUG | [AUTO] 입력 시작: '오키나와 렌트카 추천'
2026-01-18 21:16:47,913 | DEBUG | [AUTO] 입력 완료, 자동완성 대기 중...
2026-01-18 21:16:47,913 | DEBUG | [AUTO] 자동완성 요소 대기 시작 (최대 5초)
2026-01-18 21:16:47,922 | DEBUG | [AUTO] 자동완성 요소 발견: delay=0.009초
2026-01-18 21:16:47,957 | DEBUG | [AUTO] 자동완성 수집 완료: keyword='오키나와 렌트카 추천', suggestions=3개, delay=0.009154500003205612
2026-01-18 21:16:47,957 | DEBUG | [AUTO] 추출된 키워드: ['오키나와 렌트카 추천', '오키나와 렌트카 추천 차종', '오키나와 렌트카 추천 카시트']
2026-01-18 21:16:51,843 | DEBUG | [SEARCHAD] 실패 keyword='오키나와 렌트카 추천': HTTPError('400 Client Error: Bad Request for url: https://api.searchad.naver.com/keywordstool?hintKeywords=%EC%98%A4%ED%82%A4%EB%82%98%EC%99%80+%EB%A0%8C%ED%8A%B8%EC%B9%B4+%EC%B6%94%EC%B2%9C&showDetail=1')
2026-01-18 21:16:51,845 | DEBUG | [AUTO] 자동완성 시작: keyword='오키나와 달인 렌트카'
2026-01-18 21:16:51,978 | DEBUG | [AUTO] 입력 시작: '오키나와 달인 렌트카'
2026-01-18 21:16:55,990 | DEBUG | [AUTO] 입력 완료, 자동완성 대기 중...
2026-01-18 21:16:55,990 | DEBUG | [AUTO] 자동완성 요소 대기 시작 (최대 5초)
2026-01-18 21:16:56,001 | DEBUG | [AUTO] 자동완성 요소 발견: delay=0.011초
2026-01-18 21:16:56,051 | DEBUG | [AUTO] 자동완성 수집 완료: keyword='오키나와 달인 렌트카', suggestions=8개, delay=0.010557700006756932
2026-01-18 21:16:56,051 | DEBUG | [AUTO] 추출된 키워드: ['오키나와 달인 렌트카', '오키나와 달인 렌트카 후기', '오키나와 달인 렌트카 허슬러', '오키나와 달인 렌트카 반납', '오키나와 달인 렌트카 예약방법']...
2026-01-18 21:16:59,733 | DEBUG | [SEARCHAD] 실패 keyword='오키나와 달인 렌트카': HTTPError('400 Client Error: Bad Request for url: https://api.searchad.naver.com/keywordstool?hintKeywords=%EC%98%A4%ED%82%A4%EB%82%98%EC%99%80+%EB%8B%AC%EC%9D%B8+%EB%A0%8C%ED%8A%B8%EC%B9%B4&showDetail=1')
2026-01-18 21:16:59,734 | DEBUG | [AUTO] 자동완성 시작: keyword='오키나와 헬로렌트카'
2026-01-18 21:16:59,858 | DEBUG | [AUTO] 입력 시작: '오키나와 헬로렌트카'
2026-01-18 21:17:03,574 | DEBUG | [AUTO] 입력 완료, 자동완성 대기 중...
2026-01-18 21:17:03,575 | DEBUG | [AUTO] 자동완성 요소 대기 시작 (최대 5초)
2026-01-18 21:17:03,600 | DEBUG | [AUTO] 자동완성 요소 발견: delay=0.025초
2026-01-18 21:17:03,729 | DEBUG | [AUTO] 자동완성 수집 완료: keyword='오키나와 헬로렌트카', suggestions=10개, delay=0.02494940000178758
2026-01-18 21:17:03,730 | DEBUG | [AUTO] 추출된 키워드: ['오키나와 헬로렌트카', '오키나와 헬로렌트카 보험', '오키나와 헬로렌트카 etc', '오키나와 헬로렌트카 셔틀', '오키나와 헬로렌트카 카시트']...
2026-01-18 21:17:07,162 | DEBUG | [SEARCHAD] 실패 keyword='오키나와 헬로렌트카': HTTPError('400 Client Error: Bad Request for url: https://api.searchad.naver.com/keywordstool?hintKeywords=%EC%98%A4%ED%82%A4%EB%82%98%EC%99%80+%ED%97%AC%EB%A1%9C%EB%A0%8C%ED%8A%B8%EC%B9%B4&showDetail=1')
2026-01-18 21:17:07,164 | DEBUG | [AUTO] 자동완성 시작: keyword='오키나와 렌트카 카시트'
2026-01-18 21:17:07,303 | DEBUG | [AUTO] 입력 시작: '오키나와 렌트카 카시트'
2026-01-18 21:17:11,467 | DEBUG | [AUTO] 입력 완료, 자동완성 대기 중...
2026-01-18 21:17:11,468 | DEBUG | [AUTO] 자동완성 요소 대기 시작 (최대 5초)
2026-01-18 21:17:11,478 | DEBUG | [AUTO] 자동완성 요소 발견: delay=0.011초
2026-01-18 21:17:11,524 | DEBUG | [AUTO] 자동완성 수집 완료: keyword='오키나와 렌트카 카시트', suggestions=5개, delay=0.010620500004733913
2026-01-18 21:17:11,524 | DEBUG | [AUTO] 추출된 키워드: ['오키나와 렌트카 카시트', '오키나와 렌트카 카시트 대여', '오키나와 렌트카 카시트 2개', '오키나와 렌트카 카시트 필수', '오키나와 렌트카 카시트 추천']
2026-01-18 21:17:15,512 | DEBUG | [SEARCHAD] 실패 keyword='오키나와 렌트카 카시트': HTTPError('400 Client Error: Bad Request for url: https://api.searchad.naver.com/keywordstool?hintKeywords=%EC%98%A4%ED%82%A4%EB%82%98%EC%99%80+%EB%A0%8C%ED%8A%B8%EC%B9%B4+%EC%B9%B4%EC%8B%9C%ED%8A%B8&showDetail=1')
2026-01-18 21:17:15,515 | DEBUG | [AUTO] 자동완성 시작: keyword='오키나와 토요타 렌트카'
2026-01-18 21:17:15,783 | DEBUG | [AUTO] 입력 시작: '오키나와 토요타 렌트카'
2026-01-18 21:17:19,998 | DEBUG | [AUTO] 입력 완료, 자동완성 대기 중...
2026-01-18 21:17:19,998 | DEBUG | [AUTO] 자동완성 요소 대기 시작 (최대 5초)
2026-01-18 21:17:20,016 | DEBUG | [AUTO] 자동완성 요소 발견: delay=0.017초
2026-01-18 21:17:20,049 | DEBUG | [AUTO] 자동완성 수집 완료: keyword='오키나와 토요타 렌트카', suggestions=2개, delay=0.017178000009153038
2026-01-18 21:17:20,049 | DEBUG | [AUTO] 추출된 키워드: ['오키나와 토요타 렌트카', '오키나와 토요타 렌트카 빌리는법']
2026-01-18 21:17:24,372 | DEBUG | [SEARCHAD] 실패 keyword='오키나와 토요타 렌트카': HTTPError('400 Client Error: Bad Request for url: https://api.searchad.naver.com/keywordstool?hintKeywords=%EC%98%A4%ED%82%A4%EB%82%98%EC%99%80+%ED%86%A0%EC%9A%94%ED%83%80+%EB%A0%8C%ED%8A%B8%EC%B9%B4&showDetail=1')
2026-01-18 21:17:24,374 | DEBUG | [AUTO] 자동완성 시작: keyword='오키나와 공항 렌트카'
2026-01-18 21:17:24,663 | DEBUG | [AUTO] 입력 시작: '오키나와 공항 렌트카'
2026-01-18 21:17:28,664 | DEBUG | [AUTO] 입력 완료, 자동완성 대기 중...
2026-01-18 21:17:28,664 | DEBUG | [AUTO] 자동완성 요소 대기 시작 (최대 5초)
2026-01-18 21:17:28,683 | DEBUG | [AUTO] 자동완성 요소 발견: delay=0.019초
2026-01-18 21:17:28,846 | DEBUG | [AUTO] 자동완성 수집 완료: keyword='오키나와 공항 렌트카', suggestions=7개, delay=0.018934299994725734
2026-01-18 21:17:28,847 | DEBUG | [AUTO] 추출된 키워드: ['오키나와 공항 렌트카', '오키나와 공항 렌트카 추천', '오키나와 공항 렌트카 위치', '오키나와 공항 렌트카 셔틀', '오키나와 공항 렌트카 예약']...
2026-01-18 21:17:32,845 | DEBUG | [SEARCHAD] 실패 keyword='오키나와 공항 렌트카': HTTPError('400 Client Error: Bad Request for url: https://api.searchad.naver.com/keywordstool?hintKeywords=%EC%98%A4%ED%82%A4%EB%82%98%EC%99%80+%EA%B3%B5%ED%95%AD+%EB%A0%8C%ED%8A%B8%EC%B9%B4&showDetail=1')
2026-01-18 21:17:32,847 | DEBUG | [AUTO] 자동완성 시작: keyword='오키나와 렌트카 내돈내산'
2026-01-18 21:17:32,997 | DEBUG | [AUTO] 입력 시작: '오키나와 렌트카 내돈내산'
2026-01-18 21:17:37,147 | DEBUG | [AUTO] 입력 완료, 자동완성 대기 중...
2026-01-18 21:17:37,148 | DEBUG | [AUTO] 자동완성 요소 대기 시작 (최대 5초)
2026-01-18 21:17:37,179 | DEBUG | [AUTO] 자동완성 요소 발견: delay=0.031초
2026-01-18 21:17:37,223 | DEBUG | [AUTO] 자동완성 수집 완료: keyword='오키나와 렌트카 내돈내산', suggestions=1개, delay=0.030668199993669987
2026-01-18 21:17:37,223 | DEBUG | [AUTO] 추출된 키워드: ['오키나와 렌트카 내돈내산']
2026-01-18 21:17:41,686 | DEBUG | [SEARCHAD] 실패 keyword='오키나와 렌트카 내돈내산': HTTPError('400 Client Error: Bad Request for url: https://api.searchad.naver.com/keywordstool?hintKeywords=%EC%98%A4%ED%82%A4%EB%82%98%EC%99%80+%EB%A0%8C%ED%8A%B8%EC%B9%B4+%EB%82%B4%EB%8F%88%EB%82%B4%EC%82%B0&showDetail=1')
2026-01-18 21:17:41,689 | DEBUG | [AUTO] 자동완성 시작: keyword='오키나와 렌트카 한국업체'
2026-01-18 21:17:41,828 | DEBUG | [AUTO] 입력 시작: '오키나와 렌트카 한국업체'
2026-01-18 21:17:45,889 | DEBUG | [AUTO] 입력 완료, 자동완성 대기 중...
2026-01-18 21:17:45,889 | DEBUG | [AUTO] 자동완성 요소 대기 시작 (최대 5초)
2026-01-18 21:17:45,903 | DEBUG | [AUTO] 자동완성 요소 발견: delay=0.014초
2026-01-18 21:17:45,924 | DEBUG | [AUTO] 자동완성 수집 완료: keyword='오키나와 렌트카 한국업체', suggestions=1개, delay=0.014019700000062585
2026-01-18 21:17:45,924 | DEBUG | [AUTO] 추출된 키워드: ['오키나와 렌트카 한국업체']
2026-01-18 21:17:49,953 | DEBUG | [SEARCHAD] 실패 keyword='오키나와 렌트카 한국업체': HTTPError('400 Client Error: Bad Request for url: https://api.searchad.naver.com/keywordstool?hintKeywords=%EC%98%A4%ED%82%A4%EB%82%98%EC%99%80+%EB%A0%8C%ED%8A%B8%EC%B9%B4+%ED%95%9C%EA%B5%AD%EC%97%85%EC%B2%B4&showDetail=1')
2026-01-18 21:17:49,955 | DEBUG | [AUTO] 자동완성 시작: keyword='오키나와 렌트카 가격'
2026-01-18 21:17:50,116 | DEBUG | [AUTO] 입력 시작: '오키나와 렌트카 가격'
2026-01-18 21:17:54,288 | DEBUG | [AUTO] 입력 완료, 자동완성 대기 중...
2026-01-18 21:17:54,288 | DEBUG | [AUTO] 자동완성 요소 대기 시작 (최대 5초)
2026-01-18 21:17:54,302 | DEBUG | [AUTO] 자동완성 요소 발견: delay=0.014초
2026-01-18 21:17:54,345 | DEBUG | [AUTO] 자동완성 수집 완료: keyword='오키나와 렌트카 가격', suggestions=2개, delay=0.0137589000078151
2026-01-18 21:17:54,345 | DEBUG | [AUTO] 추출된 키워드: ['오키나와 렌트카 가격', '오키나와 렌트카 가격비교']
2026-01-18 21:17:58,665 | DEBUG | [SEARCHAD] 실패 keyword='오키나와 렌트카 가격': HTTPError('400 Client Error: Bad Request for url: https://api.searchad.naver.com/keywordstool?hintKeywords=%EC%98%A4%ED%82%A4%EB%82%98%EC%99%80+%EB%A0%8C%ED%8A%B8%EC%B9%B4+%EA%B0%80%EA%B2%A9&showDetail=1')
2026-01-18 21:17:58,666 | INFO | seed '오키나와렌트카' 평가 완료: 11개
2026-01-18 21:17:58,666 | INFO | 자동완성: Chrome 세션 종료
2026-01-18 21:18:01,730 | INFO | 완료!
2026-01-18 21:18:01,730 | INFO | 엑셀 저장: result\naver_keyword_pipeline_20260118_211605.xlsx
2026-01-18 21:18:01,731 | INFO | 로그 저장: result\naver_keyword_pipeline_20260118_211605.log
